2026-04-12 03:44:11 - config - INFO - Logger service starting...
2026-04-12 03:44:11 - config - INFO - Log level (console): INFO
2026-04-12 03:44:11 - config - INFO - Log level (file): DEBUG
2026-04-12 03:44:11 - config - INFO - Log file: /app/logs/app.log
2026-04-12 03:44:11 - config - INFO - Logger service is running. This will be part of our distributed system!
2026-04-12 03:44:11 - config - INFO - Web interface started on http://0.0.0.0:8080
2026-04-12 03:44:16 - config - INFO - Logger service is running. This will be part of our distributed system!
2026-04-12 03:44:21 - config - INFO - Logger service is running. This will be part of our distributed system!
2026-04-12 03:44:26 - config - INFO - Logger service is running. This will be part of our distributed system!
2026-04-12 03:44:31 - config - INFO - Logger service is running. This will be part of our distributed system!
2026-04-12 03:44:36 - config - INFO - Logger service is running. This will be part of our distributed system!
2026-04-12 03:44:41 - config - INFO - Logger service is running. This will be part of our distributed system!
2026-04-12 03:44:46 - config - INFO - Logger service is running. This will be part of our distributed system!
2026-04-12 03:44:51 - config - INFO - Logger service is running. This will be part of our distributed system!
2026-04-12 03:44:56 - config - INFO - Logger service is running. This will be part of our distributed system!
2026-04-12 03:45:01 - config - INFO - Logger service is running. This will be part of our distributed system!
2026-04-12 03:45:06 - config - INFO - Logger service is running. This will be part of our distributed system!
2026-04-12 03:45:11 - config - INFO - Logger service is running. This will be part of our distributed system!
2026-04-12 03:45:16 - config - INFO - Logger service is running. This will be part of our distributed system!
2026-04-12 03:45:21 - config - INFO - Logger service is running. This will be part of our distributed system!
2026-04-12 03:45:26 - config - INFO - Logger service is running. This will be part of our distributed system!
2026-04-12 03:45:31 - config - INFO - Logger service is running. This will be part of our distributed system!
2026-04-12 03:45:36 - config - INFO - Logger service is running. This will be part of our distributed system!
2026-04-12 03:45:41 - config - INFO - Logger service is running. This will be part of our distributed system!
2026-04-12 03:45:46 - config - INFO - Logger service is running. This will be part of our distributed system!
2026-04-12 03:45:51 - config - INFO - Logger service is running. This will be part of our distributed system!
2026-04-12 03:45:56 - config - INFO - Logger service is running. This will be part of our distributed system!
2026-04-12 03:46:01 - config - INFO - Logger service is running. This will be part of our distributed system!
2026-04-12 03:46:06 - config - INFO - Logger service is running. This will be part of our distributed system!
2026-04-12 03:46:11 - config - INFO - Logger service is running. This will be part of our distributed system!
2026-04-12 03:46:16 - config - INFO - Logger service is running. This will be part of our distributed system!
2026-04-12 03:46:21 - config - INFO - Logger service is running. This will be part of our distributed system!
2026-04-12 03:46:26 - config - INFO - Logger service is running. This will be part of our distributed system!
2026-04-12 03:46:31 - config - INFO - Logger service is running. This will be part of our distributed system!
2026-04-12 03:46:36 - config - INFO - Logger service is running. This will be part of our distributed system!
2026-04-12 03:46:41 - config - INFO - Logger service is running. This will be part of our distributed system!
2026-04-12 03:46:46 - config - INFO - Logger service is running. This will be part of our distributed system!
2026-04-12 03:46:51 - config - INFO - Logger service is running. This will be part of our distributed system!
2026-04-12 03:46:56 - config - INFO - Logger service is running. This will be part of our distributed system!
2026-04-12 03:47:01 - config - INFO - Logger service is running. This will be part of our distributed system!
2026-04-12 03:47:06 - config - INFO - Logger service is running. This will be part of our distributed system!
2026-04-12 03:47:11 - config - INFO - Logger service is running. This will be part of our distributed system!
2026-04-12 03:47:16 - config - INFO - Logger service is running. This will be part of our distributed system!
2026-04-12 03:47:21 - config - INFO - Logger service is running. This will be part of our distributed system!
2026-04-12 03:47:26 - config - INFO - Logger service is running. This will be part of our distributed system!
2026-04-12 03:47:31 - config - INFO - Logger service is running. This will be part of our distributed system!
2026-04-12 03:47:36 - config - INFO - Logger service is running. This will be part of our distributed system!
2026-04-12 03:47:41 - config - INFO - Logger service is running. This will be part of our distributed system!
2026-04-12 03:47:46 - config - INFO - Logger service is running. This will be part of our distributed system!
2026-04-12 03:47:51 - config - INFO - Logger service is running. This will be part of our distributed system!
2026-04-12 03:47:56 - config - INFO - Logger service is running. This will be part of our distributed system!
2026-04-12 03:48:01 - config - INFO - Logger service is running. This will be part of our distributed system!
2026-04-12 03:48:06 - config - INFO - Logger service is running. This will be part of our distributed system!
2026-04-12 03:48:11 - config - INFO - Logger service is running. This will be part of our distributed system!
2026-04-12 03:48:16 - config - INFO - Logger service is running. This will be part of our distributed system!
2026-04-12 03:48:21 - config - INFO - Logger service is running. This will be part of our distributed system!
2026-04-12 03:48:26 - config - INFO - Logger service is running. This will be part of our distributed system!
2026-04-12 03:48:31 - config - INFO - Logger service is running. This will be part of our distributed system!
2026-04-12 03:48:36 - config - INFO - Logger service is running. This will be part of our distributed system!
2026-04-12 03:48:41 - config - INFO - Logger service is running. This will be part of our distributed system!
2026-04-12 03:48:46 - config - INFO - Logger service is running. This will be part of our distributed system!
2026-04-12 03:48:51 - config - INFO - Logger service is running. This will be part of our distributed system!
2026-04-12 03:48:56 - config - INFO - Logger service is running. This will be part of our distributed system!
2026-04-12 03:49:01 - config - INFO - Logger service is running. This will be part of our distributed system!
2026-04-12 03:49:06 - config - INFO - Logger service is running. This will be part of our distributed system!
2026-04-12 03:49:11 - config - INFO - Logger service is running. This will be part of our distributed system!
2026-04-12 03:49:16 - config - INFO - Logger service is running. This will be part of our distributed system!
2026-04-12 03:49:21 - config - INFO - Logger service is running. This will be part of our distributed system!
2026-04-12 03:49:26 - config - INFO - Logger service is running. This will be part of our distributed system!
2026-04-12 03:49:31 - config - INFO - Logger service is running. This will be part of our distributed system!
2026-04-12 03:49:36 - config - INFO - Logger service is running. This will be part of our distributed system!
2026-04-12 03:49:41 - config - INFO - Logger service is running. This will be part of our distributed system!
2026-04-12 03:49:46 - config - INFO - Logger service is running. This will be part of our distributed system!
2026-04-12 03:49:51 - config - INFO - Logger service is running. This will be part of our distributed system!
2026-04-12 03:49:56 - config - INFO - Logger service is running. This will be part of our distributed system!
2026-04-12 03:50:01 - config - INFO - Logger service is running. This will be part of our distributed system!
2026-04-12 03:50:06 - config - INFO - Logger service is running. This will be part of our distributed system!
2026-04-12 03:50:11 - config - INFO - Logger service is running. This will be part of our distributed system!
2026-04-12 03:50:16 - config - INFO - Logger service is running. This will be part of our distributed system!
2026-04-12 03:50:21 - config - INFO - Logger service is running. This will be part of our distributed system!
2026-04-12 03:50:26 - config - INFO - Logger service is running. This will be part of our distributed system!
2026-04-12 03:50:31 - config - INFO - Logger service is running. This will be part of our distributed system!
2026-04-12 03:50:36 - config - INFO - Logger service is running. This will be part of our distributed system!
2026-04-12 03:50:41 - config - INFO - Logger service is running. This will be part of our distributed system!
2026-04-12 03:50:46 - config - INFO - Logger service is running. This will be part of our distributed system!
2026-04-12 03:50:51 - config - INFO - Logger service is running. This will be part of our distributed system!
2026-04-12 03:50:56 - config - INFO - Logger service is running. This will be part of our distributed system!
2026-04-12 03:51:01 - config - INFO - Logger service is running. This will be part of our distributed system!
2026-04-12 03:51:06 - config - INFO - Logger service is running. This will be part of our distributed system!
2026-04-12 03:51:11 - config - INFO - Logger service is running. This will be part of our distributed system!
2026-04-12 03:51:16 - config - INFO - Logger service is running. This will be part of our distributed system!
2026-04-12 03:51:21 - config - INFO - Logger service is running. This will be part of our distributed system!
2026-04-12 03:51:26 - config - INFO - Logger service is running. This will be part of our distributed system!
2026-04-12 03:51:31 - config - INFO - Logger service is running. This will be part of our distributed system!
2026-04-12 03:51:36 - config - INFO - Logger service is running. This will be part of our distributed system!
2026-04-12 03:51:41 - config - INFO - Logger service is running. This will be part of our distributed system!
2026-04-12 03:51:46 - config - INFO - Logger service is running. This will be part of our distributed system!
2026-04-12 03:51:51 - config - INFO - Logger service is running. This will be part of our distributed system!
2026-04-12 03:51:56 - config - INFO - Logger service is running. This will be part of our distributed system!
2026-04-12 03:52:01 - config - INFO - Logger service is running. This will be part of our distributed system!
2026-04-12 03:52:07 - config - INFO - Logger service is running. This will be part of our distributed system!
2026-04-12 03:52:12 - config - INFO - Logger service is running. This will be part of our distributed system!
2026-04-12 03:52:17 - config - INFO - Logger service is running. This will be part of our distributed system!
2026-04-12 03:52:22 - config - INFO - Logger service is running. This will be part of our distributed system!
2026-04-12 03:52:27 - config - INFO - Logger service is running. This will be part of our distributed system!
2026-04-12 03:52:32 - config - INFO - Logger service is running. This will be part of our distributed system!
2026-04-12 03:52:37 - config - INFO - Logger service is running. This will be part of our distributed system!
2026-04-12 03:52:42 - config - INFO - Logger service is running. This will be part of our distributed system!
2026-04-12 03:52:47 - config - INFO - Logger service is running. This will be part of our distributed system!
2026-04-12 03:52:52 - config - INFO - Logger service is running. This will be part of our distributed system!
2026-04-12 03:52:57 - config - INFO - Logger service is running. This will be part of our distributed system!
2026-04-12 03:53:02 - config - INFO - Logger service is running. This will be part of our distributed system!
2026-04-12 03:53:07 - config - INFO - Logger service is running. This will be part of our distributed system!
2026-04-12 03:53:12 - config - INFO - Logger service is running. This will be part of our distributed system!
2026-04-12 03:53:17 - config - INFO - Logger service is running. This will be part of our distributed system!
2026-04-12 03:53:22 - config - INFO - Logger service is running. This will be part of our distributed system!
2026-04-12 03:53:27 - config - INFO - Logger service is running. This will be part of our distributed system!
2026-04-12 03:53:32 - config - INFO - Logger service is running. This will be part of our distributed system!
2026-04-12 03:53:37 - config - INFO - Logger service is running. This will be part of our distributed system!
2026-04-12 03:53:42 - config - INFO - Logger service is running. This will be part of our distributed system!
2026-04-12 03:53:47 - config - INFO - Logger service is running. This will be part of our distributed system!
2026-04-12 03:53:52 - config - INFO - Logger service is running. This will be part of our distributed system!
2026-04-12 03:53:57 - config - INFO - Logger service is running. This will be part of our distributed system!
2026-04-12 03:54:02 - config - INFO - Logger service is running. This will be part of our distributed system!
2026-04-12 03:54:07 - config - INFO - Logger service is running. This will be part of our distributed system!
2026-04-12 03:54:12 - config - INFO - Logger service is running. This will be part of our distributed system!
2026-04-12 03:54:17 - config - INFO - Logger service is running. This will be part of our distributed system!
2026-04-12 03:54:22 - config - INFO - Logger service is running. This will be part of our distributed system!
2026-04-12 03:54:27 - config - INFO - Logger service is running. This will be part of our distributed system!
2026-04-12 03:54:32 - config - INFO - Logger service is running. This will be part of our distributed system!
2026-04-12 03:54:37 - config - INFO - Logger service is running. This will be part of our distributed system!
2026-04-12 03:54:42 - config - INFO - Logger service is running. This will be part of our distributed system!
2026-04-12 03:54:47 - config - INFO - Logger service is running. This will be part of our distributed system!
2026-04-12 03:54:52 - config - INFO - Logger service is running. This will be part of our distributed system!
2026-04-12 03:54:57 - config - INFO - Logger service is running. This will be part of our distributed system!
2026-04-12 03:55:02 - config - INFO - Logger service is running. This will be part of our distributed system!
2026-04-12 03:55:07 - config - INFO - Logger service is running. This will be part of our distributed system!
2026-04-12 03:55:12 - config - INFO - Logger service is running. This will be part of our distributed system!
2026-04-12 03:55:17 - config - INFO - Logger service is running. This will be part of our distributed system!
2026-04-12 03:55:22 - config - INFO - Logger service is running. This will be part of our distributed system!
2026-04-12 03:55:27 - config - INFO - Logger service is running. This will be part of our distributed system!
2026-04-12 03:55:32 - config - INFO - Logger service is running. This will be part of our distributed system!
2026-04-12 03:55:37 - config - INFO - Logger service is running. This will be part of our distributed system!
2026-04-12 03:55:42 - config - INFO - Logger service is running. This will be part of our distributed system!
2026-04-12 03:55:47 - config - INFO - Logger service is running. This will be part of our distributed system!
2026-04-12 03:55:52 - config - INFO - Logger service is running. This will be part of our distributed system!
2026-04-12 03:55:57 - config - INFO - Logger service is running. This will be part of our distributed system!
2026-04-12 03:56:02 - config - INFO - Logger service is running. This will be part of our distributed system!
2026-04-12 03:56:07 - config - INFO - Logger service is running. This will be part of our distributed system!
2026-04-12 03:56:12 - config - INFO - Logger service is running. This will be part of our distributed system!
2026-04-12 03:56:17 - config - INFO - Logger service is running. This will be part of our distributed system!
2026-04-12 03:56:22 - config - INFO - Logger service is running. This will be part of our distributed system!
2026-04-12 03:56:27 - config - INFO - Logger service is running. This will be part of our distributed system!
2026-04-12 03:56:32 - config - INFO - Logger service is running. This will be part of our distributed system!
2026-04-12 03:56:37 - config - INFO - Logger service is running. This will be part of our distributed system!
2026-04-12 03:56:42 - config - INFO - Logger service is running. This will be part of our distributed system!
2026-04-12 03:56:47 - config - INFO - Logger service is running. This will be part of our distributed system!
2026-04-12 03:56:52 - config - INFO - Logger service is running. This will be part of our distributed system!
2026-04-12 03:56:57 - config - INFO - Logger service is running. This will be part of our distributed system!
2026-04-12 03:57:02 - config - INFO - Logger service is running. This will be part of our distributed system!
2026-04-12 03:57:07 - config - INFO - Logger service is running. This will be part of our distributed system!
2026-04-12 03:57:12 - config - INFO - Logger service is running. This will be part of our distributed system!
2026-04-12 03:57:17 - config - INFO - Logger service is running. This will be part of our distributed system!
2026-04-12 03:57:22 - config - INFO - Logger service is running. This will be part of our distributed system!
2026-04-12 03:57:27 - config - INFO - Logger service is running. This will be part of our distributed system!
2026-04-12 03:57:32 - config - INFO - Logger service is running. This will be part of our distributed system!
2026-04-12 03:57:37 - config - INFO - Logger service is running. This will be part of our distributed system!
2026-04-12 03:57:42 - config - INFO - Logger service is running. This will be part of our distributed system!
2026-04-12 03:57:47 - config - INFO - Logger service is running. This will be part of our distributed system!
2026-04-12 03:57:52 - config - INFO - Logger service is running. This will be part of our distributed system!
2026-04-12 03:57:57 - config - INFO - Logger service is running. This will be part of our distributed system!
2026-04-12 03:58:02 - config - INFO - Logger service is running. This will be part of our distributed system!
2026-04-12 03:58:07 - config - INFO - Logger service is running. This will be part of our distributed system!
2026-04-12 03:58:12 - config - INFO - Logger service is running. This will be part of our distributed system!
2026-04-12 03:58:17 - config - INFO - Logger service is running. This will be part of our distributed system!
2026-04-12 03:58:22 - config - INFO - Logger service is running. This will be part of our distributed system!
2026-04-12 03:58:27 - config - INFO - Logger service is running. This will be part of our distributed system!
2026-04-12 03:58:32 - config - INFO - Logger service is running. This will be part of our distributed system!
2026-04-12 03:58:37 - config - INFO - Logger service is running. This will be part of our distributed system!
2026-04-12 03:59:32 - config - INFO - Logger service starting...
2026-04-12 03:59:32 - config - INFO - Log level (console): INFO
2026-04-12 03:59:32 - config - INFO - Log level (file): DEBUG
2026-04-12 03:59:32 - config - INFO - LogHandler class loaded from logHandler module - processing events from all services
2026-04-12 03:59:32 - config - INFO - Logger service is running. This will be part of our distributed system!
2026-04-12 03:59:32 - config - INFO - Web interface started on http://0.0.0.0:8080
2026-04-12 03:59:37 - config - INFO - Logger service is running. This will be part of our distributed system!
2026-04-12 03:59:42 - config - INFO - Logger service is running. This will be part of our distributed system!
2026-04-12 03:59:47 - config - INFO - Logger service is running. This will be part of our distributed system!
2026-04-12 03:59:52 - config - INFO - Logger service is running. This will be part of our distributed system!
2026-04-12 03:59:57 - config - INFO - Logger service is running. This will be part of our distributed system!
2026-04-12 04:00:02 - config - INFO - Logger service is running. This will be part of our distributed system!
2026-04-12 04:00:07 - config - INFO - Logger service is running. This will be part of our distributed system!
2026-04-12 04:00:12 - config - INFO - Logger service is running. This will be part of our distributed system!
2026-04-12 04:00:17 - config - INFO - Logger service is running. This will be part of our distributed system!
2026-04-12 04:00:22 - config - INFO - Logger service is running. This will be part of our distributed system!
2026-04-12 04:00:27 - config - INFO - Logger service is running. This will be part of our distributed system!
2026-04-12 04:00:32 - config - INFO - Logger service is running. This will be part of our distributed system!
2026-04-12 04:00:37 - config - INFO - Logger service is running. This will be part of our distributed system!
2026-04-12 04:00:42 - config - INFO - Logger service is running. This will be part of our distributed system!
2026-04-12 04:00:47 - config - INFO - Logger service is running. This will be part of our distributed system!
2026-04-12 04:00:52 - config - INFO - Logger service is running. This will be part of our distributed system!
2026-04-12 04:00:57 - config - INFO - Logger service is running. This will be part of our distributed system!
2026-04-12 04:01:02 - config - INFO - Logger service is running. This will be part of our distributed system!
2026-04-12 04:01:07 - config - INFO - Logger service is running. This will be part of our distributed system!
2026-04-12 04:01:12 - config - INFO - Logger service is running. This will be part of our distributed system!
2026-04-12 04:01:17 - config - INFO - Logger service is running. This will be part of our distributed system!
2026-04-12 04:01:22 - config - INFO - Logger service is running. This will be part of our distributed system!
2026-04-12 04:01:27 - config - INFO - Logger service is running. This will be part of our distributed system!
2026-04-12 04:03:44 - config - INFO - Logger service starting...
2026-04-12 04:03:44 - config - INFO - Log level (console): INFO
2026-04-12 04:03:44 - config - INFO - Log level (file): DEBUG
2026-04-12 04:03:44 - config - INFO - LogHandler class loaded from logHandler module - processing events from all services
2026-04-12 04:03:44 - config - INFO - Logger service is running. This will be part of our distributed system!
2026-04-12 04:03:44 - config - INFO - Web interface started on http://0.0.0.0:8080
2026-04-12 04:03:49 - config - INFO - Logger service is running. This will be part of our distributed system!
2026-04-12 04:03:54 - config - INFO - Logger service is running. This will be part of our distributed system!
2026-04-12 04:03:59 - config - INFO - Logger service is running. This will be part of our distributed system!
2026-04-12 04:04:04 - config - INFO - Logger service is running. This will be part of our distributed system!
2026-04-12 04:04:09 - config - INFO - Logger service is running. This will be part of our distributed system!
2026-04-12 04:04:14 - config - INFO - Logger service is running. This will be part of our distributed system!
2026-04-12 04:04:19 - config - INFO - Logger service is running. This will be part of our distributed system!
2026-04-12 04:04:24 - config - INFO - Logger service is running. This will be part of our distributed system!
2026-04-12 04:04:29 - config - INFO - Logger service is running. This will be part of our distributed system!
2026-04-12 04:04:34 - config - INFO - Logger service is running. This will be part of our distributed system!
2026-04-12 04:04:39 - config - INFO - Logger service is running. This will be part of our distributed system!
2026-04-12 04:04:44 - config - INFO - Logger service is running. This will be part of our distributed system!
2026-04-12 04:04:49 - config - INFO - Logger service is running. This will be part of our distributed system!
2026-04-12 04:04:54 - config - INFO - Logger service is running. This will be part of our distributed system!
2026-04-12 04:04:59 - config - INFO - Logger service is running. This will be part of our distributed system!
2026-04-12 04:05:04 - config - INFO - Logger service is running. This will be part of our distributed system!
2026-04-12 04:05:09 - config - INFO - Logger service is running. This will be part of our distributed system!
2026-04-12 04:05:14 - config - INFO - Logger service is running. This will be part of our distributed system!
2026-04-12 04:05:19 - config - INFO - Logger service is running. This will be part of our distributed system!
2026-04-12 04:05:24 - config - INFO - Logger service is running. This will be part of our distributed system!
2026-04-12 04:05:29 - config - INFO - Logger service is running. This will be part of our distributed system!
2026-04-12 04:05:34 - config - INFO - Logger service is running. This will be part of our distributed system!
2026-04-12 04:05:40 - config - INFO - Logger service is running. This will be part of our distributed system!
2026-04-12 04:05:45 - config - INFO - Logger service is running. This will be part of our distributed system!
2026-04-12 04:05:50 - config - INFO - Logger service is running. This will be part of our distributed system!
2026-04-12 04:05:55 - config - INFO - Logger service is running. This will be part of our distributed system!
2026-04-12 04:06:00 - config - INFO - Logger service is running. This will be part of our distributed system!
2026-04-12 04:06:05 - config - INFO - Logger service is running. This will be part of our distributed system!
2026-04-12 04:06:10 - config - INFO - Logger service is running. This will be part of our distributed system!
2026-04-12 04:06:15 - config - INFO - Logger service is running. This will be part of our distributed system!
2026-04-12 04:06:20 - config - INFO - Logger service is running. This will be part of our distributed system!
2026-04-12 04:06:25 - config - INFO - Logger service is running. This will be part of our distributed system!
2026-04-12 04:06:30 - config - INFO - Logger service is running. This will be part of our distributed system!
2026-04-12 04:06:35 - config - INFO - Logger service is running. This will be part of our distributed system!
2026-04-12 04:06:40 - config - INFO - Logger service is running. This will be part of our distributed system!
2026-04-12 04:06:45 - config - INFO - Logger service is running. This will be part of our distributed system!
2026-04-12 04:06:50 - config - INFO - Logger service is running. This will be part of our distributed system!
2026-04-12 04:06:55 - config - INFO - Logger service is running. This will be part of our distributed system!
2026-04-12 04:07:00 - config - INFO - Logger service is running. This will be part of our distributed system!
2026-04-12 04:07:05 - config - INFO - Logger service is running. This will be part of our distributed system!
2026-04-12 04:07:10 - config - INFO - Logger service is running. This will be part of our distributed system!
2026-04-12 04:07:15 - config - INFO - Logger service is running. This will be part of our distributed system!
2026-04-12 04:07:20 - config - INFO - Logger service is running. This will be part of our distributed system!
2026-04-12 04:07:25 - config - INFO - Logger service is running. This will be part of our distributed system!
2026-04-12 04:07:30 - config - INFO - Logger service is running. This will be part of our distributed system!
2026-04-12 04:07:35 - config - INFO - Logger service is running. This will be part of our distributed system!
2026-04-12 04:07:40 - config - INFO - Logger service is running. This will be part of our distributed system!
2026-04-12 04:07:45 - config - INFO - Logger service is running. This will be part of our distributed system!
2026-04-12 04:07:50 - config - INFO - Logger service is running. This will be part of our distributed system!
2026-04-12 04:07:55 - config - INFO - Logger service is running. This will be part of our distributed system!
2026-04-12 04:08:00 - config - INFO - Logger service is running. This will be part of our distributed system!
2026-04-12 04:08:05 - config - INFO - Logger service is running. This will be part of our distributed system!
