2026-04-12 04:59:13 | INFO | Logger service initialized
2026-04-12 04:59:13 | INFO | Log level set to: INFO
2026-04-12 04:59:13 | INFO | Log frequency: 5.0 seconds
2026-04-12 04:59:13 | INFO | Logging to file: /logs/logger.log
2026-04-12 04:59:13 | INFO | Log rotation size: 1.0 MB
2026-04-12 04:59:13 | INFO | System started successfully
2026-04-12 04:59:13 | INFO | Processing incoming data batch
2026-04-12 04:59:13 | WARNING | High memory usage detected (85%)
2026-04-12 04:59:13 | INFO | Web server started at http://0.0.0.0:8080
2026-04-12 04:59:13 | INFO | Logger service is running as part of our distributed system
2026-04-12 04:59:18 | INFO | Logger service is running as part of our distributed system
2026-04-12 04:59:23 | INFO | Logger service is running as part of our distributed system
2026-04-12 04:59:28 | INFO | Logger service is running as part of our distributed system
2026-04-12 04:59:33 | INFO | Logger service is running as part of our distributed system
2026-04-12 04:59:38 | INFO | Logger service is running as part of our distributed system
2026-04-12 04:59:43 | INFO | Logger service is running as part of our distributed system
2026-04-12 04:59:48 | INFO | Logger service is running as part of our distributed system
2026-04-12 04:59:53 | INFO | Logger service is running as part of our distributed system
2026-04-12 04:59:58 | INFO | Logger service is running as part of our distributed system
2026-04-12 05:00:03 | INFO | Logger service is running as part of our distributed system
2026-04-12 05:00:08 | INFO | Logger service is running as part of our distributed system
2026-04-12 05:00:13 | INFO | Logger service is running as part of our distributed system
2026-04-12 05:00:16 | INFO | Successfully processed 1542 records
2026-04-12 05:00:18 | INFO | Logger service is running as part of our distributed system
2026-04-12 05:00:23 | INFO | Logger service is running as part of our distributed system
2026-04-12 05:00:28 | INFO | Logger service is running as part of our distributed system
2026-04-12 05:00:33 | INFO | Logger service is running as part of our distributed system
2026-04-12 05:00:38 | INFO | Logger service is running as part of our distributed system
2026-04-12 05:00:40 | CRITICAL | Disk space critical: 98% full
2026-04-12 05:00:43 | INFO | Logger service is running as part of our distributed system
2026-04-12 05:00:48 | INFO | Logger service is running as part of our distributed system
2026-04-12 05:00:53 | INFO | System operating within normal parameters
2026-04-12 05:00:53 | INFO | Logger service is running as part of our distributed system
2026-04-12 05:00:58 | INFO | Logger service is running as part of our distributed system
2026-04-12 05:01:03 | INFO | Logger service is running as part of our distributed system
2026-04-12 05:01:08 | INFO | Logger service is running as part of our distributed system
2026-04-12 05:01:11 | INFO | Data processing completed in 1.2 seconds
2026-04-12 05:01:13 | INFO | Logger service is running as part of our distributed system
2026-04-12 05:01:18 | INFO | Logger service is running as part of our distributed system
2026-04-12 05:01:23 | INFO | Logger service is running as part of our distributed system
2026-04-12 05:01:28 | INFO | Logger service is running as part of our distributed system
2026-04-12 05:01:33 | INFO | Logger service is running as part of our distributed system
2026-04-12 05:01:38 | INFO | Retrying connection in 5 seconds
2026-04-12 05:01:38 | INFO | Logger service is running as part of our distributed system
2026-04-12 05:01:43 | INFO | Logger service is running as part of our distributed system
2026-04-12 05:01:48 | INFO | Logger service is running as part of our distributed system
2026-04-12 05:02:54 | INFO | Logger service initialized
2026-04-12 05:02:54 | INFO | Log level set to: INFO
2026-04-12 05:02:54 | INFO | Log frequency: 5.0 seconds
2026-04-12 05:02:54 | INFO | Logging to file: /logs/logger.log
2026-04-12 05:02:54 | INFO | Log rotation size: 1.0 MB
2026-04-12 05:02:54 | INFO | System started successfully
2026-04-12 05:02:54 | INFO | Processing incoming data batch
2026-04-12 05:02:54 | WARNING | High memory usage detected (85%)
2026-04-12 05:02:54 | INFO | Logger service is running as part of our distributed system
2026-04-12 05:02:54 | INFO | Web server started at http://0.0.0.0:8080
2026-04-12 05:02:59 | INFO | Logger service is running as part of our distributed system
